0 verbose cli /usr/local/bin/node /usr/local/bin/npm
1 info using npm@10.8.2
2 info using node@v20.20.2
3 silly config load:file:/usr/local/lib/node_modules/npm/npmrc
4 silly config load:file:/tmp/joytree-agent-agt_1782023014049_7m6lr1/.npmrc
5 silly config load:file:/usr/local/etc/npmrc
6 verbose title npm run build
7 verbose argv "run" "build"
8 verbose logfile logs-max:10 dir:/tmp/joytree-agent-agt_1782023014049_7m6lr1/.npm/_logs/2026-06-21T06_24_25_511Z-
9 verbose logfile /tmp/joytree-agent-agt_1782023014049_7m6lr1/.npm/_logs/2026-06-21T06_24_25_511Z-debug-0.log
10 silly logfile done cleaning log files
11 verbose stack Error: Missing script: "build"
11 verbose stack
11 verbose stack To see a list of scripts, run:
11 verbose stack   npm run
11 verbose stack     at #run (/usr/local/lib/node_modules/npm/lib/commands/run-script.js:110:13)
11 verbose stack     at async RunScript.exec (/usr/local/lib/node_modules/npm/lib/commands/run-script.js:39:7)
11 verbose stack     at async Npm.exec (/usr/local/lib/node_modules/npm/lib/npm.js:207:9)
11 verbose stack     at async module.exports (/usr/local/lib/node_modules/npm/lib/cli/entry.js:74:5)
12 error Missing script: "build"
12 error
12 error To see a list of scripts, run:
12 error   npm run
13 verbose cwd /tmp/joytree-agent-agt_1782023014049_7m6lr1
14 verbose os Linux 6.8.0-106-generic
15 verbose node v20.20.2
16 verbose npm  v10.8.2
17 verbose exit 1
18 verbose code 1
19 error A complete log of this run can be found in: /tmp/joytree-agent-agt_1782023014049_7m6lr1/.npm/_logs/2026-06-21T06_24_25_511Z-debug-0.log
